package(A test case package/0.0.4), copyright(Copyright Â© 2019 Uncle Toasty)
package(A test case package), copyright()
